// Jest Snapshot v1, https://goo.gl/fbAQLP

exports[`Percentage chart render correctly 1`] = `
<canvas
  height={150}
  role="img"
  width={300}
/>
`;
